// Jest Snapshot v1, https://goo.gl/fbAQLP

exports[`Home page matches snapshot 1`] = `
<DocumentFragment>
  <div
    class="d-flex flex-column h-100"
  >
    <main
      class="css-1122yjz"
    >
      <div
        class="bg-light px-0 container-fluid"
      >
        <div
          class="container"
        >
          <nav
            class="px-0 navbar navbar-expand-lg navbar-light bg-transparent"
          >
            <a
              class="navbar-brand"
              href="/"
            >
              Catalog Management System
            </a>
          </nav>
        </div>
      </div>
      <div
        class="container"
      >
        <div
          class="mt-4 px-0 d-flex justify-content-between align-items-center container"
        >
          <h1
            class="css-lc7fha"
          >
            Products
          </h1>
          <button
            class="btn btn-primary"
            data-testid="addProductButton"
            type="button"
          >
            Add Product
          </button>
        </div>
        <div
          class="px-0 mt-4 mb-5 container"
        >
          <div
            class="px-0 py-4 d-flex justify-content-center container"
          >
            <div
              class="spinner-border"
              role="status"
            >
              <span
                class="sr-only"
              >
                Loading...
              </span>
            </div>
          </div>
        </div>
      </div>
    </main>
    <footer
      class="bg-dark text-white px-0 css-1e46tsl container-fluid"
    >
      <div
        class="py-3 d-flex justify-content-center container"
      >
        2020 Catalog Management System
      </div>
    </footer>
  </div>
</DocumentFragment>
`;
